Starting crawl for 500 tickers...
[1/500] Fetching MMM...
[2/500] Fetching AOS...
[3/500] Fetching ABT...
[4/500] Fetching ABBV...
[5/500] Fetching ACN...
[6/500] Fetching AES...
[7/500] Fetching AFL...
[8/500] Fetching A...
[9/500] Fetching APD...
[10/500] Fetching ALB...
[11/500] Fetching ARE...
[12/500] Fetching ALLE...
[13/500] Fetching ALL...
[14/500] Fetching MO...
[15/500] Fetching AMCR...
[16/500] Fetching AEE...
[17/500] Fetching AXP...
[18/500] Fetching AIG...
[19/500] Fetching AMT...
[20/500] Fetching AWK...
[21/500] Fetching AMP...
[22/500] Fetching AME...
[23/500] Fetching APH...
[24/500] Fetching AON...
[25/500] Fetching APO...
[26/500] Fetching APTV...
[27/500] Fetching ADM...
[28/500] Fetching ARES...
[29/500] Fetching ANET...
[30/500] Fetching AJG...
[31/500] Fetching AIZ...
[32/500] Fetching T...
[33/500] Fetching ATO...
[34/500] Fetching AZO...
[35/500] Fetching AVB...
[36/500] Fetching AVY...
[37/500] Fetching BALL...
[38/500] Fetching BAC...
[39/500] Fetching BAX...
[40/500] Fetching BDX...
[41/500] Fetching BBY...
[42/500] Fetching BLK...
[43/500] Fetching BX...
[44/500] Fetching XYZ...
[45/500] Fetching BK...
[46/500] Fetching BA...
[47/500] Fetching BSX...
[48/500] Fetching BMY...
[49/500] Fetching BR...
[50/500] Fetching BRO...
[51/500] Fetching BLDR...
[52/500] Fetching BG...
[53/500] Fetching BXP...
[54/500] Fetching CPT...
[55/500] Fetching CPB...
[56/500] Fetching COF...
[57/500] Fetching CAH...
[58/500] Fetching CCL...
[59/500] Fetching CARR...
[60/500] Fetching CVNA...
[61/500] Fetching CAT...
[62/500] Fetching CBRE...
[63/500] Fetching COR...
[64/500] Fetching CNC...
[65/500] Fetching CNP...
[66/500] Fetching CF...
[67/500] Fetching CRL...
[68/500] Fetching SCHW...
[69/500] Fetching CVX...
[70/500] Fetching CMG...
[71/500] Fetching CB...
[72/500] Fetching CHD...
[73/500] Fetching CIEN...
[74/500] Fetching CI...
[75/500] Fetching C...
[76/500] Fetching CFG...
[77/500] Fetching CLX...
[78/500] Fetching CMS...
[79/500] Fetching KO...
[80/500] Fetching CL...
[81/500] Fetching FIX...
[82/500] Fetching CAG...
[83/500] Fetching COP...
[84/500] Fetching ED...
[85/500] Fetching STZ...
[86/500] Fetching GLW...
[87/500] Fetching CPAY...
[88/500] Fetching CTVA...
[89/500] Fetching CTRA...
[90/500] Fetching CRH...
[91/500] Fetching CCI...
[92/500] Fetching CMI...
[93/500] Fetching CVS...
[94/500] Fetching DHR...
[95/500] Fetching DRI...
[96/500] Fetching DVA...
[97/500] Fetching DECK...
[98/500] Fetching DE...
[99/500] Fetching DELL...
[100/500] Fetching DAL...
[101/500] Fetching DVN...
[102/500] Fetching DLR...
[103/500] Fetching DG...
[104/500] Fetching D...
[105/500] Fetching DPZ...
[106/500] Fetching DOV...
[107/500] Fetching DOW...
[108/500] Fetching DHI...
[109/500] Fetching DTE...
[110/500] Fetching DUK...
[111/500] Fetching DD...
[112/500] Fetching ETN...
[113/500] Fetching ECL...
[114/500] Fetching EIX...
[115/500] Fetching EW...
[116/500] Fetching ELV...
[117/500] Fetching EME...
[118/500] Fetching EMR...
[119/500] Fetching ETR...
[120/500] Fetching EOG...
[121/500] Fetching EPAM...
[122/500] Fetching EQT...
[123/500] Fetching EFX...
[124/500] Fetching EQR...
[125/500] Fetching ESS...
[126/500] Fetching EL...
[127/500] Fetching EG...
[128/500] Fetching EVRG...
[129/500] Fetching ES...
[130/500] Fetching EXR...
[131/500] Fetching XOM...
[132/500] Fetching FDS...
[133/500] Fetching FICO...
[134/500] Fetching FRT...
[135/500] Fetching FDX...
[136/500] Fetching FIS...
[137/500] Fetching FE...
[138/500] Fetching F...
[139/500] Fetching FTV...
[140/500] Fetching BEN...
[141/500] Fetching FCX...
[142/500] Fetching GRMN...
[143/500] Fetching IT...
[144/500] Fetching GE...
[145/500] Fetching GEV...
[146/500] Fetching GNRC...
[147/500] Fetching GD...
[148/500] Fetching GIS...
[149/500] Fetching GM...
[150/500] Fetching GPC...
[151/500] Fetching GPN...
[152/500] Fetching GL...
[153/500] Fetching GDDY...
[154/500] Fetching GS...
[155/500] Fetching HAL...
[156/500] Fetching HIG...
[157/500] Fetching HCA...
[158/500] Fetching DOC...
[159/500] Fetching HSY...
[160/500] Fetching HPE...
[161/500] Fetching HLT...
[162/500] Fetching HD...
[163/500] Fetching HRL...
[164/500] Fetching HWM...
[165/500] Fetching HPQ...
[166/500] Fetching HUBB...
[167/500] Fetching HUM...
[168/500] Fetching HII...
[169/500] Fetching IBM...
[170/500] Fetching IEX...
[171/500] Fetching ITW...
[172/500] Fetching IR...
[173/500] Fetching ICE...
[174/500] Fetching IFF...
[175/500] Fetching IP...
[176/500] Fetching IVZ...
[177/500] Fetching INVH...
[178/500] Fetching IQV...
[179/500] Fetching IRM...
[180/500] Fetching JBL...
[181/500] Fetching J...
[182/500] Fetching JNJ...
[183/500] Fetching JCI...
[184/500] Fetching JPM...
[185/500] Fetching KVUE...
[186/500] Fetching KEY...
[187/500] Fetching KEYS...
[188/500] Fetching KIM...
[189/500] Fetching KMI...
[190/500] Fetching KKR...
[191/500] Fetching KR...
[192/500] Fetching LHX...
[193/500] Fetching LH...
[194/500] Fetching LW...
[195/500] Fetching LVS...
[196/500] Fetching LDOS...
[197/500] Fetching LEN...
[198/500] Fetching LII...
[199/500] Fetching LLY...
[200/500] Fetching LYV...
[201/500] Fetching LMT...
[202/500] Fetching L...
[203/500] Fetching LOW...
[204/500] Fetching LYB...
[205/500] Fetching MTB...
[206/500] Fetching MPC...
[207/500] Fetching MRSH...
[208/500] Fetching MLM...
[209/500] Fetching MAS...
[210/500] Fetching MA...
[211/500] Fetching MKC...
[212/500] Fetching MCD...
[213/500] Fetching MCK...
[214/500] Fetching MDT...
[215/500] Fetching MRK...
[216/500] Fetching MET...
[217/500] Fetching MTD...
[218/500] Fetching MGM...
[219/500] Fetching MAA...
[220/500] Fetching MOH...
[221/500] Fetching TAP...
[222/500] Fetching MCO...
[223/500] Fetching MS...
[224/500] Fetching MOS...
[225/500] Fetching MSI...
[226/500] Fetching MSCI...
[227/500] Fetching NEM...
[228/500] Fetching NEE...
[229/500] Fetching NKE...
[230/500] Fetching NI...
[231/500] Fetching NSC...
[232/500] Fetching NOC...
[233/500] Fetching NCLH...
[234/500] Fetching NRG...
[235/500] Fetching NUE...
[236/500] Fetching NVR...
[237/500] Fetching OXY...
[238/500] Fetching OMC...
[239/500] Fetching OKE...
[240/500] Fetching ORCL...
[241/500] Fetching OTIS...
[242/500] Fetching PKG...
[243/500] Fetching PH...
[244/500] Fetching PAYC...
[245/500] Fetching PNR...
[246/500] Fetching PFE...
[247/500] Fetching PCG...
[248/500] Fetching PM...
[249/500] Fetching PSX...
[250/500] Fetching PNW...
[251/500] Fetching PNC...
[252/500] Fetching PPG...
[253/500] Fetching PPL...
[254/500] Fetching PG...
[255/500] Fetching PGR...
[256/500] Fetching PLD...
[257/500] Fetching PRU...
[258/500] Fetching PEG...
[259/500] Fetching PSA...
[260/500] Fetching PHM...
[261/500] Fetching PWR...
[262/500] Fetching DGX...
[263/500] Fetching Q...
[264/500] Fetching RL...
[265/500] Fetching RJF...
[266/500] Fetching RTX...
[267/500] Fetching O...
[268/500] Fetching RF...
[269/500] Fetching RSG...
[270/500] Fetching RMD...
[271/500] Fetching RVTY...
[272/500] Fetching ROK...
[273/500] Fetching ROL...
[274/500] Fetching RCL...
[275/500] Fetching SPGI...
[276/500] Fetching CRM...
[277/500] Fetching SLB...
[278/500] Fetching SRE...
[279/500] Fetching NOW...
[280/500] Fetching SHW...
[281/500] Fetching SPG...
[282/500] Fetching SJM...
[283/500] Fetching SW...
[284/500] Fetching SNA...
[285/500] Fetching SOLV...
[286/500] Fetching SO...
[287/500] Fetching LUV...
[288/500] Fetching SWK...
[289/500] Fetching STT...
[290/500] Fetching STE...
[291/500] Fetching SYK...
[292/500] Fetching SYF...
[293/500] Fetching SYY...
[294/500] Fetching TPR...
[295/500] Fetching TRGP...
[296/500] Fetching TGT...
[297/500] Fetching TEL...
[298/500] Fetching TDY...
[299/500] Fetching TPL...
[300/500] Fetching TXT...
[301/500] Fetching TMO...
[302/500] Fetching TJX...
[303/500] Fetching TKO...
[304/500] Fetching TT...
[305/500] Fetching TDG...
[306/500] Fetching TRV...
[307/500] Fetching TFC...
[308/500] Fetching TYL...
[309/500] Fetching TSN...
[310/500] Fetching USB...
[311/500] Fetching UBER...
[312/500] Fetching UDR...
[313/500] Fetching UNP...
[314/500] Fetching UPS...
[315/500] Fetching URI...
[316/500] Fetching UNH...
[317/500] Fetching UHS...
[318/500] Fetching VLO...
[319/500] Fetching VTR...
[320/500] Fetching VLTO...
[321/500] Fetching VZ...
[322/500] Fetching VICI...
[323/500] Fetching V...
[324/500] Fetching VST...
[325/500] Fetching VMC...
[326/500] Fetching WRB...
[327/500] Fetching GWW...
[328/500] Fetching WAB...
[329/500] Fetching DIS...
[330/500] Fetching WM...
[331/500] Fetching WAT...
[332/500] Fetching WEC...
[333/500] Fetching WFC...
[334/500] Fetching WELL...
[335/500] Fetching WST...
[336/500] Fetching WY...
[337/500] Fetching WSM...
[338/500] Fetching WMB...
[339/500] Fetching XYL...
[340/500] Fetching YUM...
[341/500] Fetching ZBH...
[342/500] Fetching ZTS...
[343/500] Fetching ADBE...
[344/500] Fetching AMD...
[345/500] Fetching ABNB...
[346/500] Fetching AKAM...
[347/500] Fetching ALGN...
[348/500] Fetching LNT...
[349/500] Fetching GOOGL...
[350/500] Fetching GOOG...
[351/500] Fetching AMZN...
[352/500] Fetching AEP...
[353/500] Fetching AMGN...
[354/500] Fetching ADI...
[355/500] Fetching APA...
[356/500] Fetching AAPL...
[357/500] Fetching AMAT...
[358/500] Fetching APP...
[359/500] Fetching ACGL...
[360/500] Fetching ADSK...
[361/500] Fetching ADP...
[362/500] Fetching AXON...
[363/500] Fetching BKR...
[364/500] Fetching TECH...
[365/500] Fetching BIIB...
[366/500] Fetching BKNG...
[367/500] Fetching AVGO...
[368/500] Fetching CHRW...
[369/500] Fetching CDNS...
[370/500] Fetching CDW...
[371/500] Fetching CHTR...
[372/500] Fetching CINF...
[373/500] Fetching CTAS...
[374/500] Fetching CSCO...
[375/500] Fetching CME...
[376/500] Fetching CTSH...
[377/500] Fetching COIN...
[378/500] Fetching CMCSA...
[379/500] Fetching CEG...
[380/500] Fetching COO...
[381/500] Fetching CPRT...
[382/500] Fetching CSGP...
[383/500] Fetching COST...
[384/500] Fetching CRWD...
[385/500] Fetching CSX...
[386/500] Fetching DDOG...
[387/500] Fetching DXCM...
[388/500] Fetching FANG...
[389/500] Fetching DLTR...
[390/500] Fetching DASH...
[391/500] Fetching EBAY...
[392/500] Fetching EA...
[393/500] Fetching EQIX...
[394/500] Fetching ERIE...
[395/500] Fetching EXC...
[396/500] Fetching EXE...
[397/500] Fetching EXPE...
[398/500] Fetching EXPD...
[399/500] Fetching FFIV...
[400/500] Fetching FAST...
[401/500] Fetching FITB...
[402/500] Fetching FSLR...
[403/500] Fetching FISV...
[404/500] Fetching FTNT...
[405/500] Fetching FOXA...
[406/500] Fetching FOX...
[407/500] Fetching GEHC...
[408/500] Fetching GEN...
[409/500] Fetching GILD...
[410/500] Fetching HAS...
[411/500] Fetching HSIC...
[412/500] Fetching HOLX...
[413/500] Fetching HON...
[414/500] Fetching HST...
[415/500] Fetching HBAN...
[416/500] Fetching IDXX...
[417/500] Fetching INCY...
[418/500] Fetching PODD...
[419/500] Fetching INTC...
[420/500] Fetching IBKR...
[421/500] Fetching INTU...
[422/500] Fetching ISRG...
[423/500] Fetching JBHT...
[424/500] Fetching JKHY...
[425/500] Fetching KDP...
[426/500] Fetching KMB...
[427/500] Fetching KLAC...
[428/500] Fetching KHC...
[429/500] Fetching LRCX...
[430/500] Fetching LIN...
[431/500] Fetching LULU...
[432/500] Fetching MAR...
[433/500] Fetching MTCH...
[434/500] Fetching META...
[435/500] Fetching MCHP...
[436/500] Fetching MU...
[437/500] Fetching MSFT...
[438/500] Fetching MRNA...
[439/500] Fetching MDLZ...
[440/500] Fetching MPWR...
[441/500] Fetching MNST...
[442/500] Fetching NDAQ...
[443/500] Fetching NTAP...
[444/500] Fetching NFLX...
[445/500] Fetching NWSA...
[446/500] Fetching NWS...
[447/500] Fetching NDSN...
[448/500] Fetching NTRS...
[449/500] Fetching NVDA...
[450/500] Fetching NXPI...
[451/500] Fetching ORLY...
[452/500] Fetching ODFL...
[453/500] Fetching ON...
[454/500] Fetching PCAR...
[455/500] Fetching PLTR...
[456/500] Fetching PANW...
[457/500] Fetching PSKY...
[458/500] Fetching PAYX...
[459/500] Fetching PYPL...
[460/500] Fetching PEP...
[461/500] Fetching POOL...
[462/500] Fetching PFG...
[463/500] Fetching PTC...
[464/500] Fetching QCOM...
[465/500] Fetching REG...
[466/500] Fetching REGN...
[467/500] Fetching HOOD...
[468/500] Fetching ROP...
[469/500] Fetching ROST...
[470/500] Fetching SNDK...
[471/500] Fetching SBAC...
[472/500] Fetching STX...
[473/500] Fetching SWKS...
[474/500] Fetching SBUX...
[475/500] Fetching STLD...
[476/500] Fetching SMCI...
[477/500] Fetching SNPS...
[478/500] Fetching TMUS...
[479/500] Fetching TROW...
[480/500] Fetching TTWO...
[481/500] Fetching TER...
[482/500] Fetching TSLA...
[483/500] Fetching TXN...
[484/500] Fetching TTD...
[485/500] Fetching TSCO...
[486/500] Fetching TRMB...
[487/500] Fetching ULTA...
[488/500] Fetching UAL...
[489/500] Fetching VRSN...
[490/500] Fetching VRSK...
[491/500] Fetching VRTX...
[492/500] Fetching VTRS...
[493/500] Fetching WMT...
[494/500] Fetching WBD...
[495/500] Fetching WDC...
[496/500] Fetching WTW...
[497/500] Fetching WDAY...
[498/500] Fetching WYNN...
[499/500] Fetching XEL...
[500/500] Fetching ZBRA...
Finished! Saved 407 dividend payers to /app/data/dividend-yield-vs-growth.json
